Copyright 1986-1999, 2001-2013 Xilinx, Inc. All Rights Reserved.
-------------------------------------------------------------------------------------------------------------
| Tool Version : Vivado v.2013.2 (lin64) Build 272601 Sat Jun 15 11:11:11 MDT 2013
| Date         : Fri Dec  6 03:29:58 2013
| Host         : hallertau.ece.cmu.edu running 64-bit Red Hat Enterprise Linux Server release 6.4 (Santiago)
| Command      : report_control_sets -verbose -file xilinx_pcie_2_1_ep_7x_control_sets_placed.rpt
| Design       : xilinx_pcie_2_1_ep_7x
| Device       : xc7vx485t
-------------------------------------------------------------------------------------------------------------

Control Set Information

Table of Contents
-----------------
1. Summary
2. Flip-Flop Distribution
3. Detailed Control Set Information

1. Summary
----------

+-------------------------------------------------------------------+-------+
|                               Status                              | Count |
+-------------------------------------------------------------------+-------+
| Number of unique control sets                                     |   137 |
| Minimum Number of register sites lost to control set restrictions |   125 |
+-------------------------------------------------------------------+-------+


2. Flip-Flop Distribution
-------------------------

+--------------+-----------------------+------------------------+-----------------+--------------+
| Clock Enable | Synchronous Set/Reset | Asynchronous Set/Reset | Total Registers | Total Slices |
+--------------+-----------------------+------------------------+-----------------+--------------+
| No           | No                    | No                     |             597 |          366 |
| No           | No                    | Yes                    |             226 |          108 |
| No           | Yes                   | No                     |            2295 |          792 |
| Yes          | No                    | No                     |               0 |            0 |
| Yes          | No                    | Yes                    |           22074 |        10035 |
| Yes          | Yes                   | No                     |             678 |          272 |
+--------------+-----------------------+------------------------+-----------------+--------------+


3. Detailed Control Set Information
-----------------------------------

+-------------------------------------------------------------+-------------------------------------------------------------------------------------+--------------------------------------------------------------------------------------------------+------------------+----------------+
|                         Clock Signal                        |                                    Enable Signal                                    |                                         Set/Reset Signal                                         | Slice Load Count | Bel Load Count |
+-------------------------------------------------------------+-------------------------------------------------------------------------------------+--------------------------------------------------------------------------------------------------+------------------+----------------+
|  n_0_ns_reg[1]_i_2__0                                       |                                                                                     |                                                                                                  |                2 |              2 |
|  pipe_oobclk_in                                             |                                                                                     | vc707_pcie_x8_gen2_i/inst/n_0_reset_n_reg1_reg_i_1                                               |                1 |              2 |
|  n_0_ns_reg[1]_i_2                                          |                                                                                     |                                                                                                  |                1 |              2 |
|  pipe_userclk2_in                                           |                                                                                     | vc707_pcie_x8_gen2_i/inst/n_0_user_reset_out_reg_i_1                                             |                1 |              2 |
|  n_0_mem_row_reg[3]_i_2                                     |                                                                                     |                                                                                                  |                2 |              4 |
|  pipe_oobclk_in                                             |                                                                                     | vc707_pcie_x8_gen2_i/inst/n_0_inst/gt_top_i/pl_ltssm_state_q_reg[5]_i_1                          |                2 |              7 |
|  n_0_row_reg[6]_i_2                                         |                                                                                     |                                                                                                  |                5 |             14 |
|  app/PIO/PIO_EP_inst/astro_MEM_inst/clock_gen/inst/clk_out1 | n_0_data_reg[18][7]_i_1__12                                                         | app/PIO/p_0_in                                                                                   |                5 |             16 |
|  app/PIO/PIO_EP_inst/astro_MEM_inst/clock_gen/inst/clk_out1 | n_0_data_reg[18][7]_i_1__11                                                         | app/PIO/p_0_in                                                                                   |                6 |             16 |
|  app/PIO/PIO_EP_inst/astro_MEM_inst/clock_gen/inst/clk_out1 | n_0_data_reg[18][7]_i_1__0                                                          | app/PIO/p_0_in                                                                                   |                5 |             16 |
|  app/PIO/PIO_EP_inst/astro_MEM_inst/clock_gen/inst/clk_out1 | n_0_data_reg[18][7]_i_1__1                                                          | app/PIO/p_0_in                                                                                   |                6 |             16 |
|  app/PIO/PIO_EP_inst/astro_MEM_inst/clock_gen/inst/clk_out1 | n_0_data_reg[18][7]_i_1__2                                                          | app/PIO/p_0_in                                                                                   |                5 |             16 |
|  app/PIO/PIO_EP_inst/astro_MEM_inst/clock_gen/inst/clk_out1 | n_0_data_reg[18][7]_i_1__3                                                          | app/PIO/p_0_in                                                                                   |                6 |             16 |
|  app/PIO/PIO_EP_inst/astro_MEM_inst/clock_gen/inst/clk_out1 | n_0_data_reg[18][7]_i_1__4                                                          | app/PIO/p_0_in                                                                                   |                6 |             16 |
|  app/PIO/PIO_EP_inst/astro_MEM_inst/clock_gen/inst/clk_out1 | n_0_data_reg[18][7]_i_1__5                                                          | app/PIO/p_0_in                                                                                   |                5 |             16 |
|  app/PIO/PIO_EP_inst/astro_MEM_inst/clock_gen/inst/clk_out1 | n_0_data_reg[18][7]_i_1__6                                                          | app/PIO/p_0_in                                                                                   |                8 |             16 |
|  app/PIO/PIO_EP_inst/astro_MEM_inst/clock_gen/inst/clk_out1 | n_0_data_reg[18][7]_i_1__7                                                          | app/PIO/p_0_in                                                                                   |                6 |             16 |
|  app/PIO/PIO_EP_inst/astro_MEM_inst/clock_gen/inst/clk_out1 | n_0_data_reg[18][7]_i_1__8                                                          | app/PIO/p_0_in                                                                                   |                6 |             16 |
|  app/PIO/PIO_EP_inst/astro_MEM_inst/clock_gen/inst/clk_out1 | n_0_data_reg[18][7]_i_1__9                                                          | app/PIO/p_0_in                                                                                   |                5 |             16 |
|  app/PIO/PIO_EP_inst/astro_MEM_inst/clock_gen/inst/clk_out1 | n_0_data_reg[18][7]_i_1__10                                                         | app/PIO/p_0_in                                                                                   |               10 |             16 |
|  app/PIO/PIO_EP_inst/astro_MEM_inst/clock_gen/inst/clk_out1 | n_0_data_reg[18][7]_i_1                                                             | app/PIO/p_0_in                                                                                   |                8 |             16 |
|  app/PIO/PIO_EP_inst/astro_MEM_inst/clock_gen/inst/clk_out1 | n_0_data_reg[18][7]_i_1__14                                                         | app/PIO/p_0_in                                                                                   |                8 |             16 |
|  app/PIO/PIO_EP_inst/astro_MEM_inst/clock_gen/inst/clk_out1 | n_0_data_reg[18][7]_i_1__13                                                         | app/PIO/p_0_in                                                                                   |                5 |             16 |
|  pipe_userclk2_in                                           | vc707_pcie_x8_gen2_i/inst/n_0_cfg_bus_number_d_reg[7]_i_2                           | vc707_pcie_x8_gen2_i/inst/n_0_cfg_bus_number_d_reg[7]_i_1                                        |                5 |             16 |
|  pipe_dclk_in                                               |                                                                                     |                                                                                                  |               10 |             16 |
|  pipe_userclk2_in                                           | n_0_pio_rx_sm_128.tlp_type_reg[7]_i_1                                               | app/PIO/p_0_in                                                                                   |               11 |             18 |
|  pipe_userclk2_in                                           | n_0_pio_rx_sm_128.req_addr_reg[20]_i_1                                              | app/PIO/p_0_in                                                                                   |               13 |             19 |
|  pipe_userclk2_in                                           | n_0_pio_rx_sm_128.wr_addr_reg[18]_i_1                                               | app/PIO/p_0_in                                                                                   |               13 |             19 |
|  pipe_userclk2_in                                           |                                                                                     | app/PIO/p_0_in                                                                                   |                9 |             21 |
|  pipe_oobclk_in                                             | vc707_pcie_x8_gen2_i/inst/inst/gt_top_i/pipe_wrapper_i/pipe_lane[2].pipe_user_i/sel | vc707_pcie_x8_gen2_i/inst/n_0_converge_cnt_reg[0]_i_1__1                                         |                6 |             22 |
|  pipe_oobclk_in                                             | vc707_pcie_x8_gen2_i/inst/inst/gt_top_i/pipe_wrapper_i/pipe_lane[4].pipe_user_i/sel | vc707_pcie_x8_gen2_i/inst/n_0_converge_cnt_reg[0]_i_1__3                                         |                6 |             22 |
|  pipe_oobclk_in                                             | vc707_pcie_x8_gen2_i/inst/inst/gt_top_i/pipe_wrapper_i/pipe_lane[5].pipe_user_i/sel | vc707_pcie_x8_gen2_i/inst/n_0_converge_cnt_reg[0]_i_1__4                                         |                6 |             22 |
|  pipe_oobclk_in                                             | vc707_pcie_x8_gen2_i/inst/inst/gt_top_i/pipe_wrapper_i/pipe_lane[6].pipe_user_i/sel | vc707_pcie_x8_gen2_i/inst/n_0_converge_cnt_reg[0]_i_1__5                                         |                6 |             22 |
|  pipe_oobclk_in                                             | vc707_pcie_x8_gen2_i/inst/inst/gt_top_i/pipe_wrapper_i/pipe_lane[7].pipe_user_i/sel | vc707_pcie_x8_gen2_i/inst/n_0_converge_cnt_reg[0]_i_1__6                                         |                6 |             22 |
|  pipe_oobclk_in                                             | vc707_pcie_x8_gen2_i/inst/inst/gt_top_i/pipe_wrapper_i/pipe_lane[0].pipe_user_i/sel | vc707_pcie_x8_gen2_i/inst/n_0_converge_cnt_reg[0]_i_1                                            |                6 |             22 |
|  pipe_oobclk_in                                             | vc707_pcie_x8_gen2_i/inst/inst/gt_top_i/pipe_wrapper_i/pipe_lane[1].pipe_user_i/sel | vc707_pcie_x8_gen2_i/inst/n_0_converge_cnt_reg[0]_i_1__0                                         |                6 |             22 |
|  pipe_oobclk_in                                             | vc707_pcie_x8_gen2_i/inst/inst/gt_top_i/pipe_wrapper_i/pipe_lane[3].pipe_user_i/sel | vc707_pcie_x8_gen2_i/inst/n_0_converge_cnt_reg[0]_i_1__2                                         |                6 |             22 |
|  pipe_userclk2_in                                           | n_0_pio_rx_sm_128.req_attr_reg[1]_i_1                                               | app/PIO/p_0_in                                                                                   |               15 |             31 |
|  app/PIO/PIO_EP_inst/astro_MEM_inst/dut/rd_wr               |                                                                                     |                                                                                                  |               18 |             32 |
|  pipe_userclk2_in                                           | app/PIO/PIO_EP_inst/astro_MEM_inst/p_0_in                                           | app/PIO/p_0_in                                                                                   |               14 |             32 |
|  pipe_userclk2_in                                           | n_0_pio_rx_sm_128.wr_data_reg[31]_i_1                                               | app/PIO/p_0_in                                                                                   |               20 |             32 |
|  app/PIO/PIO_EP_inst/astro_MEM_inst/clock_gen/inst/clk_out1 | n_0_write_back_reg[2][31]_i_1                                                       | app/PIO/p_0_in                                                                                   |               38 |             77 |
|  app/PIO/PIO_EP_inst/astro_MEM_inst/clock_gen/inst/clk_out1 | n_0_dataOut_reg[31]_i_1                                                             | app/PIO/p_0_in                                                                                   |               34 |             77 |
|  app/PIO/PIO_EP_inst/astro_MEM_inst/clock_gen/inst/clk_out1 |                                                                                     |                                                                                                  |               34 |            100 |
|  pipe_userclk2_in                                           | app/s_axis_tx_tready_i                                                              | n_0_gen_cpl_128.s_axis_tx_tdata_reg[127]_i_1                                                     |               53 |            102 |
|  pipe_oobclk_in                                             |                                                                                     | vc707_pcie_x8_gen2_i/inst/inst/gt_top_i/pipe_wrapper_i/pipe_reset.pipe_reset_i/rxusrclk_rst_reg2 |               38 |            128 |
|  pipe_userclk2_in                                           | vc707_pcie_x8_gen2_i/inst/n_0_m_axis_rx_tdata_reg[127]_i_1                          | vc707_pcie_x8_gen2_i/inst/user_reset_out                                                         |               52 |            132 |
|  pipe_userclk2_in                                           | vc707_pcie_x8_gen2_i/inst/inst/pcie_top_i/trn_rdst_rdy                              | vc707_pcie_x8_gen2_i/inst/user_reset_out                                                         |               42 |            133 |
|  app/PIO/PIO_EP_inst/astro_MEM_inst/clock_gen/inst/clk_out1 | n_0_data_reg[16][7]_i_1                                                             | app/PIO/p_0_in                                                                                   |               32 |            136 |
|  app/PIO/PIO_EP_inst/astro_MEM_inst/clock_gen/inst/clk_out1 | n_0_data_reg[16][7]_i_1__14                                                         | app/PIO/p_0_in                                                                                   |               37 |            136 |
|  app/PIO/PIO_EP_inst/astro_MEM_inst/clock_gen/inst/clk_out1 | n_0_data_reg[16][7]_i_1__13                                                         | app/PIO/p_0_in                                                                                   |               31 |            136 |
|  app/PIO/PIO_EP_inst/astro_MEM_inst/clock_gen/inst/clk_out1 | n_0_data_reg[16][7]_i_1__12                                                         | app/PIO/p_0_in                                                                                   |               27 |            136 |
|  app/PIO/PIO_EP_inst/astro_MEM_inst/clock_gen/inst/clk_out1 | n_0_data_reg[16][7]_i_1__11                                                         | app/PIO/p_0_in                                                                                   |               28 |            136 |
|  app/PIO/PIO_EP_inst/astro_MEM_inst/clock_gen/inst/clk_out1 | n_0_data_reg[16][7]_i_1__10                                                         | app/PIO/p_0_in                                                                                   |               21 |            136 |
|  app/PIO/PIO_EP_inst/astro_MEM_inst/clock_gen/inst/clk_out1 | n_0_data_reg[16][7]_i_1__9                                                          | app/PIO/p_0_in                                                                                   |               30 |            136 |
|  app/PIO/PIO_EP_inst/astro_MEM_inst/clock_gen/inst/clk_out1 | n_0_data_reg[16][7]_i_1__8                                                          | app/PIO/p_0_in                                                                                   |               37 |            136 |
|  app/PIO/PIO_EP_inst/astro_MEM_inst/clock_gen/inst/clk_out1 | n_0_data_reg[16][7]_i_1__7                                                          | app/PIO/p_0_in                                                                                   |               30 |            136 |
|  app/PIO/PIO_EP_inst/astro_MEM_inst/clock_gen/inst/clk_out1 | n_0_data_reg[16][7]_i_1__6                                                          | app/PIO/p_0_in                                                                                   |               36 |            136 |
|  app/PIO/PIO_EP_inst/astro_MEM_inst/clock_gen/inst/clk_out1 | n_0_data_reg[16][7]_i_1__5                                                          | app/PIO/p_0_in                                                                                   |               39 |            136 |
|  app/PIO/PIO_EP_inst/astro_MEM_inst/clock_gen/inst/clk_out1 | n_0_data_reg[16][7]_i_1__4                                                          | app/PIO/p_0_in                                                                                   |               33 |            136 |
|  app/PIO/PIO_EP_inst/astro_MEM_inst/clock_gen/inst/clk_out1 | n_0_data_reg[16][7]_i_1__3                                                          | app/PIO/p_0_in                                                                                   |               30 |            136 |
|  app/PIO/PIO_EP_inst/astro_MEM_inst/clock_gen/inst/clk_out1 | n_0_data_reg[16][7]_i_1__2                                                          | app/PIO/p_0_in                                                                                   |               27 |            136 |
|  app/PIO/PIO_EP_inst/astro_MEM_inst/clock_gen/inst/clk_out1 | n_0_data_reg[16][7]_i_1__1                                                          | app/PIO/p_0_in                                                                                   |               31 |            136 |
|  app/PIO/PIO_EP_inst/astro_MEM_inst/clock_gen/inst/clk_out1 | n_0_data_reg[16][7]_i_1__0                                                          | app/PIO/p_0_in                                                                                   |               38 |            136 |
|  pipe_userclk2_in                                           |                                                                                     | vc707_pcie_x8_gen2_i/inst/user_reset_out                                                         |               69 |            141 |
|  app/PIO/PIO_EP_inst/astro_MEM_inst/clock_gen/inst/clk_out1 | app/PIO/PIO_EP_inst/astro_MEM_inst/dut/chop/ncci/loadDescReg0117_out                | app/PIO/p_0_in                                                                                   |               85 |            152 |
|  app/PIO/PIO_EP_inst/astro_MEM_inst/clock_gen/inst/clk_out1 | app/PIO/PIO_EP_inst/astro_MEM_inst/dut/chop/ncci/loadDescReg054_out                 | app/PIO/p_0_in                                                                                   |               76 |            152 |
|  app/PIO/PIO_EP_inst/astro_MEM_inst/clock_gen/inst/clk_out1 | app/PIO/PIO_EP_inst/astro_MEM_inst/dut/chop/ncci/loadDescReg0128_out                | app/PIO/p_0_in                                                                                   |               67 |            152 |
|  app/PIO/PIO_EP_inst/astro_MEM_inst/clock_gen/inst/clk_out1 | app/PIO/PIO_EP_inst/astro_MEM_inst/dut/chop/ncci/loadDescReg0126_out                | app/PIO/p_0_in                                                                                   |               82 |            152 |
|  app/PIO/PIO_EP_inst/astro_MEM_inst/clock_gen/inst/clk_out1 | app/PIO/PIO_EP_inst/astro_MEM_inst/dut/chop/ncci/loadDescReg0124_out                | app/PIO/p_0_in                                                                                   |               68 |            152 |
|  app/PIO/PIO_EP_inst/astro_MEM_inst/clock_gen/inst/clk_out1 | app/PIO/PIO_EP_inst/astro_MEM_inst/dut/chop/ncci/loadDescReg0122_out                | app/PIO/p_0_in                                                                                   |               71 |            152 |
|  app/PIO/PIO_EP_inst/astro_MEM_inst/clock_gen/inst/clk_out1 | app/PIO/PIO_EP_inst/astro_MEM_inst/dut/chop/ncci/loadDescReg0140_out                | app/PIO/p_0_in                                                                                   |               77 |            152 |
|  app/PIO/PIO_EP_inst/astro_MEM_inst/clock_gen/inst/clk_out1 | app/PIO/PIO_EP_inst/astro_MEM_inst/dut/chop/ncci/loadDescReg0133_out                | app/PIO/p_0_in                                                                                   |               87 |            152 |
|  app/PIO/PIO_EP_inst/astro_MEM_inst/clock_gen/inst/clk_out1 | app/PIO/PIO_EP_inst/astro_MEM_inst/dut/chop/ncci/loadDescReg0115_out                | app/PIO/p_0_in                                                                                   |               87 |            152 |
|  app/PIO/PIO_EP_inst/astro_MEM_inst/clock_gen/inst/clk_out1 | app/PIO/PIO_EP_inst/astro_MEM_inst/dut/chop/ncci/loadDescReg052_out                 | app/PIO/p_0_in                                                                                   |               73 |            152 |
|  app/PIO/PIO_EP_inst/astro_MEM_inst/clock_gen/inst/clk_out1 | app/PIO/PIO_EP_inst/astro_MEM_inst/dut/chop/ncci/loadDescReg0113_out                | app/PIO/p_0_in                                                                                   |               74 |            152 |
|  app/PIO/PIO_EP_inst/astro_MEM_inst/clock_gen/inst/clk_out1 | app/PIO/PIO_EP_inst/astro_MEM_inst/dut/chop/ncci/loadDescReg0146_out                | app/PIO/p_0_in                                                                                   |               66 |            152 |
|  app/PIO/PIO_EP_inst/astro_MEM_inst/clock_gen/inst/clk_out1 | app/PIO/PIO_EP_inst/astro_MEM_inst/dut/chop/ncci/loadDescReg0144_out                | app/PIO/p_0_in                                                                                   |               77 |            152 |
|  app/PIO/PIO_EP_inst/astro_MEM_inst/clock_gen/inst/clk_out1 | app/PIO/PIO_EP_inst/astro_MEM_inst/dut/chop/ncci/loadDescReg0142_out                | app/PIO/p_0_in                                                                                   |               79 |            152 |
|  app/PIO/PIO_EP_inst/astro_MEM_inst/clock_gen/inst/clk_out1 | app/PIO/PIO_EP_inst/astro_MEM_inst/dut/chop/ncci/loadDescReg0131_out                | app/PIO/p_0_in                                                                                   |               61 |            152 |
|  app/PIO/PIO_EP_inst/astro_MEM_inst/clock_gen/inst/clk_out1 | app/PIO/PIO_EP_inst/astro_MEM_inst/dut/chop/ncci/loadDescReg0137_out                | app/PIO/p_0_in                                                                                   |               72 |            152 |
|  app/PIO/PIO_EP_inst/astro_MEM_inst/clock_gen/inst/clk_out1 | app/PIO/PIO_EP_inst/astro_MEM_inst/dut/chop/ncci/loadDescReg090_out                 | app/PIO/p_0_in                                                                                   |               82 |            152 |
|  app/PIO/PIO_EP_inst/astro_MEM_inst/clock_gen/inst/clk_out1 | app/PIO/PIO_EP_inst/astro_MEM_inst/dut/chop/ncci/loadDescReg088_out                 | app/PIO/p_0_in                                                                                   |               81 |            152 |
|  app/PIO/PIO_EP_inst/astro_MEM_inst/clock_gen/inst/clk_out1 | app/PIO/PIO_EP_inst/astro_MEM_inst/dut/chop/ncci/loadDescReg074_out                 | app/PIO/p_0_in                                                                                   |               78 |            152 |
|  app/PIO/PIO_EP_inst/astro_MEM_inst/clock_gen/inst/clk_out1 | app/PIO/PIO_EP_inst/astro_MEM_inst/dut/chop/ncci/loadDescReg072_out                 | app/PIO/p_0_in                                                                                   |               68 |            152 |
|  app/PIO/PIO_EP_inst/astro_MEM_inst/clock_gen/inst/clk_out1 | app/PIO/PIO_EP_inst/astro_MEM_inst/dut/chop/ncci/loadDescReg070_out                 | app/PIO/p_0_in                                                                                   |               72 |            152 |
|  app/PIO/PIO_EP_inst/astro_MEM_inst/clock_gen/inst/clk_out1 | app/PIO/PIO_EP_inst/astro_MEM_inst/dut/chop/ncci/loadDescReg068_out                 | app/PIO/p_0_in                                                                                   |               65 |            152 |
|  app/PIO/PIO_EP_inst/astro_MEM_inst/clock_gen/inst/clk_out1 | app/PIO/PIO_EP_inst/astro_MEM_inst/dut/chop/ncci/loadDescReg050_out                 | app/PIO/p_0_in                                                                                   |               73 |            152 |
|  app/PIO/PIO_EP_inst/astro_MEM_inst/clock_gen/inst/clk_out1 | app/PIO/PIO_EP_inst/astro_MEM_inst/dut/chop/ncci/loadDescReg083_out                 | app/PIO/p_0_in                                                                                   |               73 |            152 |
|  app/PIO/PIO_EP_inst/astro_MEM_inst/clock_gen/inst/clk_out1 | app/PIO/PIO_EP_inst/astro_MEM_inst/dut/chop/ncci/loadDescReg065_out                 | app/PIO/p_0_in                                                                                   |               70 |            152 |
|  app/PIO/PIO_EP_inst/astro_MEM_inst/clock_gen/inst/clk_out1 | app/PIO/PIO_EP_inst/astro_MEM_inst/dut/chop/ncci/loadDescReg081_out                 | app/PIO/p_0_in                                                                                   |               97 |            152 |
|  app/PIO/PIO_EP_inst/astro_MEM_inst/clock_gen/inst/clk_out1 | app/PIO/PIO_EP_inst/astro_MEM_inst/dut/chop/ncci/loadDescReg079_out                 | app/PIO/p_0_in                                                                                   |               93 |            152 |
|  app/PIO/PIO_EP_inst/astro_MEM_inst/clock_gen/inst/clk_out1 | app/PIO/PIO_EP_inst/astro_MEM_inst/dut/chop/ncci/loadDescReg077_out                 | app/PIO/p_0_in                                                                                   |               74 |            152 |
|  app/PIO/PIO_EP_inst/astro_MEM_inst/clock_gen/inst/clk_out1 | app/PIO/PIO_EP_inst/astro_MEM_inst/dut/chop/ncci/loadDescReg092_out                 | app/PIO/p_0_in                                                                                   |               94 |            152 |
|  app/PIO/PIO_EP_inst/astro_MEM_inst/clock_gen/inst/clk_out1 | app/PIO/PIO_EP_inst/astro_MEM_inst/dut/chop/ncci/loadDescReg025_out                 | app/PIO/p_0_in                                                                                   |               87 |            152 |
|  app/PIO/PIO_EP_inst/astro_MEM_inst/clock_gen/inst/clk_out1 | app/PIO/PIO_EP_inst/astro_MEM_inst/dut/chop/ncci/loadDescReg023_out                 | app/PIO/p_0_in                                                                                   |               97 |            152 |
|  app/PIO/PIO_EP_inst/astro_MEM_inst/clock_gen/inst/clk_out1 | app/PIO/PIO_EP_inst/astro_MEM_inst/dut/chop/ncci/loadDescReg036_out                 | app/PIO/p_0_in                                                                                   |              106 |            152 |
|  app/PIO/PIO_EP_inst/astro_MEM_inst/clock_gen/inst/clk_out1 | app/PIO/PIO_EP_inst/astro_MEM_inst/dut/chop/ncci/loadDescReg0110_out                | app/PIO/p_0_in                                                                                   |               86 |            152 |
|  app/PIO/PIO_EP_inst/astro_MEM_inst/clock_gen/inst/clk_out1 | app/PIO/PIO_EP_inst/astro_MEM_inst/dut/chop/ncci/loadDescReg027_out                 | app/PIO/p_0_in                                                                                   |               99 |            152 |
|  app/PIO/PIO_EP_inst/astro_MEM_inst/clock_gen/inst/clk_out1 | app/PIO/PIO_EP_inst/astro_MEM_inst/dut/chop/ncci/loadDescReg059_out                 | app/PIO/p_0_in                                                                                   |               68 |            152 |
|  app/PIO/PIO_EP_inst/astro_MEM_inst/clock_gen/inst/clk_out1 | app/PIO/PIO_EP_inst/astro_MEM_inst/dut/chop/ncci/loadDescReg029_out                 | app/PIO/p_0_in                                                                                   |               93 |            152 |
|  app/PIO/PIO_EP_inst/astro_MEM_inst/clock_gen/inst/clk_out1 | app/PIO/PIO_EP_inst/astro_MEM_inst/dut/chop/ncci/loadDescReg061_out                 | app/PIO/p_0_in                                                                                   |               83 |            152 |
|  app/PIO/PIO_EP_inst/astro_MEM_inst/clock_gen/inst/clk_out1 | app/PIO/PIO_EP_inst/astro_MEM_inst/dut/chop/ncci/loadDescReg014_out                 | app/PIO/p_0_in                                                                                   |               72 |            152 |
|  app/PIO/PIO_EP_inst/astro_MEM_inst/clock_gen/inst/clk_out1 | app/PIO/PIO_EP_inst/astro_MEM_inst/dut/chop/ncci/loadDescReg063_out                 | app/PIO/p_0_in                                                                                   |               84 |            152 |
|  app/PIO/PIO_EP_inst/astro_MEM_inst/clock_gen/inst/clk_out1 | app/PIO/PIO_EP_inst/astro_MEM_inst/dut/chop/ncci/loadDescReg095_out                 | app/PIO/p_0_in                                                                                   |               72 |            152 |
|  app/PIO/PIO_EP_inst/astro_MEM_inst/clock_gen/inst/clk_out1 | app/PIO/PIO_EP_inst/astro_MEM_inst/dut/chop/ncci/loadDescReg016_out                 | app/PIO/p_0_in                                                                                   |               73 |            152 |
|  app/PIO/PIO_EP_inst/astro_MEM_inst/clock_gen/inst/clk_out1 | app/PIO/PIO_EP_inst/astro_MEM_inst/dut/chop/ncci/loadDescReg018_out                 | app/PIO/p_0_in                                                                                   |               76 |            152 |
|  app/PIO/PIO_EP_inst/astro_MEM_inst/clock_gen/inst/clk_out1 | app/PIO/PIO_EP_inst/astro_MEM_inst/dut/chop/ncci/loadDescReg097_out                 | app/PIO/p_0_in                                                                                   |               81 |            152 |
|  app/PIO/PIO_EP_inst/astro_MEM_inst/clock_gen/inst/clk_out1 | app/PIO/PIO_EP_inst/astro_MEM_inst/dut/chop/ncci/loadDescReg020_out                 | app/PIO/p_0_in                                                                                   |               78 |            152 |
|  app/PIO/PIO_EP_inst/astro_MEM_inst/clock_gen/inst/clk_out1 | app/PIO/PIO_EP_inst/astro_MEM_inst/dut/chop/ncci/loadDescReg0                       | app/PIO/p_0_in                                                                                   |               71 |            152 |
|  app/PIO/PIO_EP_inst/astro_MEM_inst/clock_gen/inst/clk_out1 | app/PIO/PIO_EP_inst/astro_MEM_inst/dut/chop/ncci/loadDescReg099_out                 | app/PIO/p_0_in                                                                                   |               86 |            152 |
|  app/PIO/PIO_EP_inst/astro_MEM_inst/clock_gen/inst/clk_out1 | app/PIO/PIO_EP_inst/astro_MEM_inst/dut/chop/ncci/loadDescReg038_out                 | app/PIO/p_0_in                                                                                   |               96 |            152 |
|  app/PIO/PIO_EP_inst/astro_MEM_inst/clock_gen/inst/clk_out1 | app/PIO/PIO_EP_inst/astro_MEM_inst/dut/chop/ncci/loadDescReg011_out                 | app/PIO/p_0_in                                                                                   |               73 |            152 |
|  app/PIO/PIO_EP_inst/astro_MEM_inst/clock_gen/inst/clk_out1 | app/PIO/PIO_EP_inst/astro_MEM_inst/dut/chop/ncci/loadDescReg08_out                  | app/PIO/p_0_in                                                                                   |               75 |            152 |
|  app/PIO/PIO_EP_inst/astro_MEM_inst/clock_gen/inst/clk_out1 | app/PIO/PIO_EP_inst/astro_MEM_inst/dut/chop/ncci/loadDescReg05_out                  | app/PIO/p_0_in                                                                                   |               75 |            152 |
|  app/PIO/PIO_EP_inst/astro_MEM_inst/clock_gen/inst/clk_out1 | app/PIO/PIO_EP_inst/astro_MEM_inst/dut/chop/ncci/loadDescReg056_out                 | app/PIO/p_0_in                                                                                   |               72 |            152 |
|  app/PIO/PIO_EP_inst/astro_MEM_inst/clock_gen/inst/clk_out1 | app/PIO/PIO_EP_inst/astro_MEM_inst/dut/chop/ncci/loadDescReg0119_out                | app/PIO/p_0_in                                                                                   |              105 |            152 |
|  app/PIO/PIO_EP_inst/astro_MEM_inst/clock_gen/inst/clk_out1 | app/PIO/PIO_EP_inst/astro_MEM_inst/dut/chop/ncci/loadDescReg041_out                 | app/PIO/p_0_in                                                                                   |               74 |            152 |
|  app/PIO/PIO_EP_inst/astro_MEM_inst/clock_gen/inst/clk_out1 | app/PIO/PIO_EP_inst/astro_MEM_inst/dut/chop/ncci/loadDescReg0135_out                | app/PIO/p_0_in                                                                                   |               73 |            152 |
|  app/PIO/PIO_EP_inst/astro_MEM_inst/clock_gen/inst/clk_out1 | app/PIO/PIO_EP_inst/astro_MEM_inst/dut/chop/ncci/loadDescReg043_out                 | app/PIO/p_0_in                                                                                   |               77 |            152 |
|  app/PIO/PIO_EP_inst/astro_MEM_inst/clock_gen/inst/clk_out1 | app/PIO/PIO_EP_inst/astro_MEM_inst/dut/chop/ncci/loadDescReg0101_out                | app/PIO/p_0_in                                                                                   |               80 |            152 |
|  app/PIO/PIO_EP_inst/astro_MEM_inst/clock_gen/inst/clk_out1 | app/PIO/PIO_EP_inst/astro_MEM_inst/dut/chop/ncci/loadDescReg045_out                 | app/PIO/p_0_in                                                                                   |               86 |            152 |
|  app/PIO/PIO_EP_inst/astro_MEM_inst/clock_gen/inst/clk_out1 | app/PIO/PIO_EP_inst/astro_MEM_inst/dut/chop/ncci/loadDescReg086_out                 | app/PIO/p_0_in                                                                                   |               77 |            152 |
|  app/PIO/PIO_EP_inst/astro_MEM_inst/clock_gen/inst/clk_out1 | app/PIO/PIO_EP_inst/astro_MEM_inst/dut/chop/ncci/loadDescReg047_out                 | app/PIO/p_0_in                                                                                   |               94 |            152 |
|  app/PIO/PIO_EP_inst/astro_MEM_inst/clock_gen/inst/clk_out1 | app/PIO/PIO_EP_inst/astro_MEM_inst/dut/chop/ncci/loadDescReg0104_out                | app/PIO/p_0_in                                                                                   |               84 |            152 |
|  app/PIO/PIO_EP_inst/astro_MEM_inst/clock_gen/inst/clk_out1 | app/PIO/PIO_EP_inst/astro_MEM_inst/dut/chop/ncci/loadDescReg032_out                 | app/PIO/p_0_in                                                                                   |               74 |            152 |
|  app/PIO/PIO_EP_inst/astro_MEM_inst/clock_gen/inst/clk_out1 | app/PIO/PIO_EP_inst/astro_MEM_inst/dut/chop/ncci/loadDescReg0106_out                | app/PIO/p_0_in                                                                                   |               73 |            152 |
|  app/PIO/PIO_EP_inst/astro_MEM_inst/clock_gen/inst/clk_out1 | app/PIO/PIO_EP_inst/astro_MEM_inst/dut/chop/ncci/loadDescReg0108_out                | app/PIO/p_0_in                                                                                   |               74 |            152 |
|  app/PIO/PIO_EP_inst/astro_MEM_inst/clock_gen/inst/clk_out1 | app/PIO/PIO_EP_inst/astro_MEM_inst/dut/chop/ncci/loadDescReg034_out                 | app/PIO/p_0_in                                                                                   |               83 |            152 |
|  pipe_oobclk_in                                             |                                                                                     | vc707_pcie_x8_gen2_i/inst/inst/gt_top_i/pipe_wrapper_i/pipe_reset.pipe_reset_i/clear             |               45 |            169 |
|  pipe_oobclk_in                                             |                                                                                     |                                                                                                  |               96 |            178 |
|  app/PIO/PIO_EP_inst/astro_MEM_inst/clock_gen/inst/clk_out1 |                                                                                     | app/PIO/p_0_in                                                                                   |              104 |            215 |
|  pipe_userclk2_in                                           |                                                                                     |                                                                                                  |              198 |            249 |
|  pipe_oobclk_in                                             |                                                                                     | vc707_pcie_x8_gen2_i/inst/inst/gt_top_i/pipe_wrapper_i/pipe_lane[7].pipe_sync_i/p_0_in           |              185 |            514 |
|  pipe_oobclk_in                                             |                                                                                     | vc707_pcie_x8_gen2_i/inst/inst/phy_rdy_n                                                         |              209 |            605 |
|  pipe_dclk_in                                               |                                                                                     | vc707_pcie_x8_gen2_i/inst/inst/gt_top_i/pipe_wrapper_i/pipe_reset.pipe_reset_i/dclk_rst_reg2     |              246 |            738 |
|  app/PIO/PIO_EP_inst/astro_MEM_inst/clock_gen/inst/clk_out1 | app/PIO/PIO_EP_inst/astro_MEM_inst/dut/chop/ncci/loadWinReg                         | app/PIO/p_0_in                                                                                   |             4263 |           9728 |
+-------------------------------------------------------------+-------------------------------------------------------------------------------------+--------------------------------------------------------------------------------------------------+------------------+----------------+


